Stage 1: loading cached exact results
Stage 2: BLAST 107 candidates across 7 species (identity 85.0%, max_target_seqs 50000)
  Fusobacterium nucleatum: 34 BLASTed  [34/107, 0.3 min]
  Helicobacter pylori: 45 BLASTed  [79/107, 0.9 min]
  Prevotella jejuni: 7 BLASTed  [86/107, 0.9 min]
  Escherichia coli: 4 BLASTed  [90/107, 1.1 min]
  Cutibacterium acnes: 10 BLASTed  [100/107, 1.2 min]
  Campylobacter jejuni: 7 BLASTed  [107/107, 1.3 min]
  Enterobacter hormaechei: 0 BLASTed  [107/107, 1.3 min]
Selecting …
  Fusobacterium nucleatum: floor 0.95 -> 7 probes, pooled 50.4%
  Helicobacter pylori: floor 0.999 -> 7 probes, pooled 85.2%
  Prevotella jejuni: floor 0.999 -> 0 probes, pooled 0.0%
  Escherichia coli: floor 0.9 -> 1 probes, pooled 3.3%
  Cutibacterium acnes: floor 0.95 -> 1 probes, pooled 2.5%
  Campylobacter jejuni: floor 0.999 -> 0 probes, pooled 0.0%
  Enterobacter hormaechei: floor 0.999 -> 0 probes, pooled 0.0%
                   taxa          silva_genus  target_seqs  ambiguous_seqs_excluded  candidates_found  candidates_blasted  blast_spec_floor_used  probes_selected  pooled_coverage_pct  conservation_min_pct  conservation_max_pct  blast_weighted_spec_min  blast_weighted_spec_mean  exact_precision_min  exact_offtarget_total  blast_offtarget_hits_total  probes_blast_capped
Fusobacterium nucleatum        Fusobacterium          137                      850              2334                  34                  0.950                7                50.36                  2.19                 20.44                 0.951068                    0.9828               0.9032                    5.0                     16056.0                    0
    Helicobacter pylori         Helicobacter          338                      125              1896                  45                  0.999                7                85.21                  2.37                 66.27                 0.999848                    1.0000               1.0000                    0.0                      2114.0                    0
      Prevotella jejuni         Prevotella_7            5                      466              1556                   7                  0.999                0                 0.00                   NaN                   NaN                      NaN                       NaN                  NaN                    NaN                         NaN                    0
       Escherichia coli Escherichia-Shigella         5267                     1529              1731                   4                  0.900                1                 3.28                  3.28                  3.28                 0.921671                    0.9217               0.9558                    8.0                     36513.0                    0
    Cutibacterium acnes        Cutibacterium           79                     1585              1596                  10                  0.950                1                 2.53                  2.53                  2.53                 0.972646                    0.9726               1.0000                    0.0                        58.0                    0
   Campylobacter jejuni        Campylobacter          356                      274              1568                   7                  0.999                0                 0.00                   NaN                   NaN                      NaN                       NaN                  NaN                    NaN                         NaN                    0
Enterobacter hormaechei         Enterobacter          271                      997              1551                   0                  0.999                0                 0.00                   NaN                   NaN                      NaN                       NaN                  NaN                    NaN                         NaN                    0
