
Designing probes for 7 taxon/taxa. Pass 1/2 — reading SILVA …

Scoring 32-mers (conservation ≥ 2%) …
  Fusobacterium nucleatum: 137 seqs, 2,334 candidates
  Helicobacter pylori: 338 seqs, 1,896 candidates
  Prevotella jejuni: 5 seqs, 1,556 candidates
  Escherichia coli: 5,267 seqs, 1,731 candidates
  Cutibacterium acnes: 79 seqs, 1,596 candidates
  Campylobacter jejuni: 356 seqs, 1,568 candidates
  Enterobacter hormaechei: 271 seqs, 1,551 candidates

Pass 2/2 — exact off-target scan …

BLAST (identity ≥ 85%, max_target_seqs 50000) …
  Fusobacterium nucleatum: 34 BLASTed (1 hit the max_target_seqs cap; their BLAST scores are incomplete — see blast_capped)
  Helicobacter pylori: 45 BLASTed (1 hit the max_target_seqs cap; their BLAST scores are incomplete — see blast_capped)
  Prevotella jejuni: 7 BLASTed
  Escherichia coli: 4 BLASTed
  Cutibacterium acnes: 10 BLASTed
  Campylobacter jejuni: 7 BLASTed
  Enterobacter hormaechei: 0 BLASTed

Selecting probes …
  Fusobacterium nucleatum: floor 0.95 → 7 probes, pooled 50.4%
  Helicobacter pylori: floor 1.0 → 5 probes, pooled 82.2%
  Prevotella jejuni: floor 1.0 → 0 probes, pooled 0.0%
  Escherichia coli: floor 0.9 → 1 probes, pooled 3.3%
  Cutibacterium acnes: floor 0.95 → 1 probes, pooled 2.5%
  Campylobacter jejuni: floor 1.0 → 0 probes, pooled 0.0%
  Enterobacter hormaechei: floor 1.0 → 0 probes, pooled 0.0%

                   taxa  target_seqs  spec_floor_used  probes_selected  pooled_coverage_pct  goal_reached
Fusobacterium nucleatum          137             0.95                7                50.36          True
    Helicobacter pylori          338             1.00                5                82.25          True
      Prevotella jejuni            5              NaN                0                 0.00         False
       Escherichia coli         5267             0.90                1                 3.28         False
    Cutibacterium acnes           79             0.95                1                 2.53         False
   Campylobacter jejuni          356              NaN                0                 0.00         False
Enterobacter hormaechei          271              NaN                0                 0.00         False

Results written to KAN2M3\Species_v2/
